
> native_thinking@0.0.0 build
> tsc -b && vite build

[36mvite v7.3.1 [32mbuilding client environment for production...[36m[39m
transforming...
[32m??[39m 1783 modules transformed.
rendering chunks...
computing gzip size...
[2mdist/[22m[32mindex.html                 [39m[1m[2m  0.46 kB[22m[1m[22m[2m ??gzip:   0.30 kB[22m
[2mdist/[22m[35massets/index-CIFJ9_sI.css  [39m[1m[2m  3.38 kB[22m[1m[22m[2m ??gzip:   1.36 kB[22m
[2mdist/[22m[36massets/index-DeS4AlC_.js   [39m[1m[2m488.00 kB[22m[1m[22m[2m ??gzip: 145.11 kB[22m
[32m??built in 6.82s[39m
