
> native_thinking@0.0.0 build
> tsc -b && vite build

src/components/WordOrderGym.tsx(1,20): error TS6133: 'useMemo' is declared but its value is never read.
src/components/WordOrderGym.tsx(9,5): error TS1484: 'DragEndEvent' is a type and must be imported using a type-only import when 'verbatimModuleSyntax' is enabled.
src/components/WordOrderGym.tsx(20,15): error TS2305: Module '"../types"' has no exported member 'WordOrderPoint'.
src/components/WordOrderGym.tsx(90,42): error TS7006: Parameter 'w' implicitly has an 'any' type.
src/components/WordOrderGym.tsx(90,45): error TS7006: Parameter 'i' implicitly has an 'any' type.
src/components/WordOrderGym.tsx(94,34): error TS18046: 's' is of type 'unknown'.
src/components/WordOrderGym.tsx(98,19): error TS2345: Argument of type 'unknown[]' is not assignable to parameter of type 'SetStateAction<{ id: string; text: string; }[]>'.
  Type 'unknown[]' is not assignable to type '{ id: string; text: string; }[]'.
    Type 'unknown' is not assignable to type '{ id: string; text: string; }'.
